---------------------------------------------------

Benchmark: stable_memory_increase_from_zero
  total:
    instructions: 307 (regressed from 0)
    heap_increase: 0 pages (no change)
    stable_memory_increase: 123 pages (regressed from 0)

---------------------------------------------------

Summary:
  instructions:
    status:   Regressions detected! 🔴
    counts:   [total 1 | new 0 | improved 0 | regressed 1 | unchanged 0]
    change:   [min +307 | med +307 | max +307]
    change %: [min +inf% | med +inf% | max +inf%]

  heap_increase:
    status:   No significant changes detected 👍
    counts:   [total 1 | new 0 | improved 0 | regressed 0 | unchanged 1]
    change:   [min 0 | med 0 | max 0]
    change %: [min 0.00% | med 0.00% | max 0.00%]

  stable_memory_increase:
    status:   Regressions detected! 🔴
    counts:   [total 1 | new 0 | improved 0 | regressed 1 | unchanged 0]
    change:   [min +123 | med +123 | max +123]
    change %: [min +inf% | med +inf% | max +inf%]

---------------------------------------------------

Only significant changes:
| status | name                             | calls | ins |  ins Δ% | HI |  HI Δ% | SMI |  SMI Δ% |
|--------|----------------------------------|-------|-----|---------|----|--------|-----|---------|
|   +    | stable_memory_increase_from_zero |       | 307 |   +inf% |  0 |  0.00% | 123 |   +inf% |

ins = instructions, HI = heap, SMI = stable mem, Δ% = percent change

---------------------------------------------------
