---------------------------------------------------

Benchmark: stable_memory_only_increase (new)
  total:
    calls: 1 (new)
    instructions: 307 (new)
    heap_increase: 0 pages (new)
    stable_memory_increase: 456 pages (new)

---------------------------------------------------

Summary:
  instructions:
    status:   No significant changes detected 👍
    counts:   [total 1 | regressed 0 | improved 0 | new 1 | unchanged 0]
    change:   n/a
    change %: n/a

  heap_increase:
    status:   No significant changes detected 👍
    counts:   [total 1 | regressed 0 | improved 0 | new 1 | unchanged 0]
    change:   n/a
    change %: n/a

  stable_memory_increase:
    status:   No significant changes detected 👍
    counts:   [total 1 | regressed 0 | improved 0 | new 1 | unchanged 0]
    change:   n/a
    change %: n/a

---------------------------------------------------

Only significant changes:
| status | name                        | calls | ins |  ins Δ% | HI |  HI Δ% | SMI |  SMI Δ% |
|--------|-----------------------------|-------|-----|---------|----|--------|-----|---------|
|  new   | stable_memory_only_increase |       | 307 |         |  0 |        | 456 |         |

ins = instructions, HI = heap_increase, SMI = stable_memory_increase, Δ% = percent change

---------------------------------------------------
