---------------------------------------------------

Benchmark: write_stable_memory (new)
  total:
    instructions: 49.74 K (new)
    heap_increase: 1 pages (new)
    stable_memory_increase: 1 pages (new)

---------------------------------------------------

Summary:
  instructions:
    status:   No significant changes detected 👍
    counts:   [total 1 | new 1 | improved 0 | regressed 0 | unchanged 0]
    change:   n/a
    change %: n/a

  heap_increase:
    status:   No significant changes detected 👍
    counts:   [total 1 | new 1 | improved 0 | regressed 0 | unchanged 0]
    change:   n/a
    change %: n/a

  stable_memory_increase:
    status:   No significant changes detected 👍
    counts:   [total 1 | new 1 | improved 0 | regressed 0 | unchanged 0]
    change:   n/a
    change %: n/a

---------------------------------------------------

| status | name                |    ins |  ins Δ% | HI |  HI Δ% | SMI |  SMI Δ% |
|--------|---------------------|--------|---------|----|--------|-----|---------|
|  new   | write_stable_memory | 49.74K |         |  1 |        |   1 |         |
