---------------------------------------------------

Benchmark: improvement_test
  total:
    instructions: 207 (improved by 93.32%)
    heap_increase: 0 pages (no change)
    stable_memory_increase: 0 pages (no change)

---------------------------------------------------

Summary:
  instructions:
    status:   Improvements detected! 🟢
    counts:   [total 1 | new 0 | improved 1 | regressed 0 | unchanged 0]
    change:   [min -2.89K | med -2.89K | max -2.89K]
    change %: [min -93.32% | med -93.32% | max -93.32%]

  heap_increase:
    status:   No significant changes detected 👍
    counts:   [total 1 | new 0 | improved 0 | regressed 0 | unchanged 1]
    change:   [min 0 | med 0 | max 0]
    change %: [min 0.00% | med 0.00% | max 0.00%]

  stable_memory_increase:
    status:   No significant changes detected 👍
    counts:   [total 1 | new 0 | improved 0 | regressed 0 | unchanged 1]
    change:   [min 0 | med 0 | max 0]
    change %: [min 0.00% | med 0.00% | max 0.00%]

---------------------------------------------------

Only significant changes:
| status | name             | calls | ins |  ins Δ% | HI |  HI Δ% | SMI |  SMI Δ% |
|--------|------------------|-------|-----|---------|----|--------|-----|---------|
|   -    | improvement_test |       | 207 | -93.32% |  0 |  0.00% |   0 |   0.00% |

ins = instructions, HI = heap, SMI = stable mem, Δ% = percent change

---------------------------------------------------
