---------------------------------------------------

Benchmark: bench_nested_scopes (new)
  total:
    instructions: 12.64 K (new)
    heap_increase: 0 pages (new)
    stable_memory_increase: 0 pages (new)

  nested_scope (scope):
    calls: 10 (new)
    instructions: 11.56 K (new)
    heap_increase: 0 pages (new)
    stable_memory_increase: 0 pages (new)

---------------------------------------------------

Summary:
  instructions:
    status:   No significant changes detected 👍
    counts:   [total 1 | regressed 0 | improved 0 | new 1 | unchanged 0]
    change:   n/a
    change %: n/a

  heap_increase:
    status:   No significant changes detected 👍
    counts:   [total 1 | regressed 0 | improved 0 | new 1 | unchanged 0]
    change:   n/a
    change %: n/a

  stable_memory_increase:
    status:   No significant changes detected 👍
    counts:   [total 1 | regressed 0 | improved 0 | new 1 | unchanged 0]
    change:   n/a
    change %: n/a

---------------------------------------------------

Only significant changes:
| status | name                              | calls |    ins |  ins Δ% | HI |  HI Δ% | SMI |  SMI Δ% |
|--------|-----------------------------------|-------|--------|---------|----|--------|-----|---------|
|  new   | bench_nested_scopes               |       | 12.64K |         |  0 |        |   0 |         |
|  new   | bench_nested_scopes::nested_scope |    10 | 11.56K |         |  0 |        |   0 |         |

ins = instructions, HI = heap_increase, SMI = stable_memory_increase, Δ% = percent change

---------------------------------------------------
