---------------------------------------------------

Benchmark: bench_repeated_scope_exists
  total:
    instructions: 16.95 K (regressed from 0)
    heap_increase: 1 pages (regressed from 0)
    stable_memory_increase: 0 pages (no change)

  scope_1 (scope):
    calls: 10 (no change)
    instructions: 9304 (regressed by 1063.00%)
    heap_increase: 1 pages (improved by 91.67%)
    stable_memory_increase: 0 pages (no change)

---------------------------------------------------

Summary:
  instructions:
    status:   Regressions detected 🔴
    counts:   [total 1 | regressed 1 | improved 0 | new 0 | unchanged 0]
    change:   [max +16.95K | p75 +16.95K | median +16.95K | p25 +16.95K | min +16.95K]
    change %: [max +inf% | p75 +inf% | median +inf% | p25 +inf% | min +inf%]

  heap_increase:
    status:   Regressions detected 🔴
    counts:   [total 1 | regressed 1 | improved 0 | new 0 | unchanged 0]
    change:   [max +1 | p75 +1 | median +1 | p25 +1 | min +1]
    change %: [max +inf% | p75 +inf% | median +inf% | p25 +inf% | min +inf%]

  stable_memory_increase:
    status:   No significant changes 👍
    counts:   [total 1 | regressed 0 | improved 0 | new 0 | unchanged 1]
    change:   [max 0 | p75 0 | median 0 | p25 0 | min 0]
    change %: [max 0.00% | p75 0.00% | median 0.00% | p25 0.00% | min 0.00%]

---------------------------------------------------

Only significant changes:
| status | name                                 | calls |    ins |    ins Δ% | HI |   HI Δ% | SMI |  SMI Δ% |
|--------|--------------------------------------|-------|--------|-----------|----|---------|-----|---------|
|   +    | bench_repeated_scope_exists          |       | 16.95K |     +inf% |  1 |   +inf% |   0 |   0.00% |
|  +/-   | bench_repeated_scope_exists::scope_1 |    10 |  9.30K | +1063.00% |  1 | -91.67% |   0 |   0.00% |

ins = instructions, HI = heap_increase, SMI = stable_memory_increase, Δ% = percent change

---------------------------------------------------
