---------------------------------------------------

Benchmark: bench_scope_exists
  total:
    instructions: 4096 (regressed from 0)
    heap_increase: 0 pages (no change)
    stable_memory_increase: 0 pages (no change)

  something (scope):
    instructions: 1050 (new)
    heap_increase: 0 pages (new)
    stable_memory_increase: 0 pages (new)

  something_else (scope):
    instructions: 786 (new)
    heap_increase: 0 pages (new)
    stable_memory_increase: 0 pages (new)

---------------------------------------------------

Summary:
  instructions:
    status:   Regressions detected! 🔴
    counts:   [total 1 | new 0 | improved 0 | regressed 1 | unchanged 0]
    change:   [min +4.10K | med +4.10K | max +4.10K]
    change %: [min +inf% | med +inf% | max +inf%]

  heap_increase:
    status:   No significant changes detected 👍
    counts:   [total 1 | new 0 | improved 0 | regressed 0 | unchanged 1]
    change:   [min 0 | med 0 | max 0]
    change %: [min 0.00% | med 0.00% | max 0.00%]

  stable_memory_increase:
    status:   No significant changes detected 👍
    counts:   [total 1 | new 0 | improved 0 | regressed 0 | unchanged 1]
    change:   [min 0 | med 0 | max 0]
    change %: [min 0.00% | med 0.00% | max 0.00%]

---------------------------------------------------

Only significant changes:
| status | name                               |   ins |  ins Δ% | HI |  HI Δ% | SMI |  SMI Δ% |
|--------|------------------------------------|-------|---------|----|--------|-----|---------|
|   +    | bench_scope_exists                 | 4.10K |   +inf% |  0 |  0.00% |   0 |   0.00% |
|  new   | bench_scope_exists::something      | 1.05K |         |  0 |        |   0 |         |
|  new   | bench_scope_exists::something_else |   786 |         |  0 |        |   0 |         |

---------------------------------------------------
