---------------------------------------------------

Benchmark: bench_scope_new (new)
  total:
    instructions: 4626 (new)
    heap_increase: 1 pages (new)
    stable_memory_increase: 0 pages (new)

  scope_1 (scope):
    instructions: 1620 (new)
    heap_increase: 1 pages (new)
    stable_memory_increase: 0 pages (new)

  scope_2 (scope):
    instructions: 786 (new)
    heap_increase: 0 pages (new)
    stable_memory_increase: 0 pages (new)

---------------------------------------------------

Summary:
  instructions:
    status:  No significant changes detected 👍
    counts:   [total 1 | new 1 | improved 0 | regressed 0 | unchanged 0]
    change:   n/a
    change %: n/a

  heap_increase:
    status:  No significant changes detected 👍
    counts:   [total 1 | new 1 | improved 0 | regressed 0 | unchanged 0]
    change:   n/a
    change %: n/a

  stable_memory_increase:
    status:  No significant changes detected 👍
    counts:   [total 1 | new 1 | improved 0 | regressed 0 | unchanged 0]
    change:   n/a
    change %: n/a

---------------------------------------------------
