
---------------------------------------------------

Benchmark: bench_repeated_scope_new (new)
  total:
    instructions: 16.97 K (new)
    heap_increase: 1 pages (new)
    stable_memory_increase: 0 pages (new)

  scope_1 (scope):
    instructions: 8694 (new)
    heap_increase: 1 pages (new)
    stable_memory_increase: 0 pages (new)

---------------------------------------------------

Summary:
  instructions:
    counts:   [total 1 | new 1 | improved 0 | regressed 0 | unchanged 0]
    change:   [min +16.97 K | med +16.97 K | max +16.97 K]
    change %: n/a

  heap_increase:
    counts:   [total 1 | new 1 | improved 0 | regressed 0 | unchanged 0]
    change:   [min +1 | med +1 | max +1]
    change %: n/a

  stable_memory_increase:
    counts:   [total 1 | new 1 | improved 0 | regressed 0 | unchanged 0]
    change:   [min 0 | med 0 | max 0]
    change %: n/a

---------------------------------------------------
