
---------------------------------------------------

Benchmark: bench_1 (new)
  total:
    instructions: 207 (new)
    heap_increase: 0 pages (new)
    stable_memory_increase: 0 pages (new)

---------------------------------------------------

Benchmark: bench_2 (new)
  total:
    instructions: 207 (new)
    heap_increase: 0 pages (new)
    stable_memory_increase: 0 pages (new)

---------------------------------------------------

Summary:
  instructions:
    counts:   [total 2 | new 2 | improved 0 | regressed 0 | unchanged 0]
    change:   [min 207 | med 207 | max 207]
    change %: n/a

  heap_increase:
    counts:   [total 2 | new 2 | improved 0 | regressed 0 | unchanged 0]
    change:   [min 0 | med 0 | max 0]
    change %: n/a

  stable_memory_increase:
    counts:   [total 2 | new 2 | improved 0 | regressed 0 | unchanged 0]
    change:   [min 0 | med 0 | max 0]
    change %: n/a

---------------------------------------------------
